// Jest Snapshot v1, https://goo.gl/fbAQLP

exports[`Medicine Adherence test renders correctly 1`] = `
<View
  style={
    Object {
      "backgroundColor": "white",
      "flexDirection": "column",
      "height": "100%",
    }
  }
>
  <withAnimatable(View)
    animation="slideInDown"
    delay={0}
    direction="normal"
    duration={200}
    iterationCount={1}
    iterationDelay={0}
    onAnimationBegin={[Function]}
    onAnimationEnd={[Function]}
    onTransitionBegin={[Function]}
    onTransitionEnd={[Function]}
    useNativeDriver={false}
  >
    <View
      style={
        Object {
          "alignItems": "center",
          "backgroundColor": "grey",
          "flexDirection": "row",
          "justifyContent": "space-between",
          "padding": 15,
        }
      }
    >
      <Text
        style={
          Object {
            "color": "white",
            "fontWeight": "800",
          }
        }
      >
        Syncing Data
      </Text>
      <CircleSnail
        animating={true}
        color={
          Array [
            "white",
          ]
        }
        direction="counter-clockwise"
        hidesWhenStopped={false}
        size={30}
        spinDuration={400}
        strokeCap="round"
        thickness={3}
        useNativeDriver={false}
      />
    </View>
  </withAnimatable(View)>
  <TouchableOpacity
    id="press"
    onPress={[Function]}
  >
    <View
      style={
        Object {
          "flexDirection": "column",
        }
      }
    >
      <View
        style={
          Object {
            "flexDirection": "row",
            "justifyContent": "flex-start",
          }
        }
      >
        <View
          style={
            Object {
              "marginLeft": 18,
              "paddingLeft": 15,
              "paddingTop": 15,
            }
          }
        >
          <PercentageCircle
            bgColor="#fff"
            borderWidth={3}
            color="#00bcd4"
            containerStyle={null}
            percent={0}
            radius={26}
            shadowColor="#999"
          >
            <Text
              style={
                Object {
                  "color": "#4dd0e1",
                  "fontSize": 15,
                }
              }
            >
              0%
            </Text>
          </PercentageCircle>
        </View>
        <View
          style={
            Object {
              "flexDirection": "column",
              "paddingLeft": 30,
              "paddingTop": 15,
            }
          }
        >
          <Text
            style={
              Object {
                "color": "black",
                "fontSize": 16,
                "fontWeight": "600",
              }
            }
          >
            Overall Performance Till Date
          </Text>
          <Text>
            You have some active reminders.
          </Text>
        </View>
      </View>
      <View
        style={
          Object {
            "alignItems": "center",
            "paddingBottom": 10,
          }
        }
      >
        <Text
          style={
            Object {
              "color": "#4dd0e1",
              "fontWeight": "700",
            }
          }
        >
          CHECK PERFORMANCE
        </Text>
      </View>
    </View>
  </TouchableOpacity>
  <View
    style={
      Object {
        "backgroundColor": "lightgrey",
        "marginBottom": 5,
        "padding": 12,
      }
    }
  >
    <Text
      style={
        Object {
          "fontWeight": "600",
        }
      }
    >
      Reminders
    </Text>
  </View>
  <FlatList
    data={Array []}
    renderItem={[Function]}
  />
  <View
    style={
      Object {
        "alignSelf": "center",
      }
    }
  >
    <Image
      resizeMode="contain"
      source={
        Object {
          "testUri": "../../../assests/images/noreminders.png",
        }
      }
      style={
        Object {
          "width": 250,
        }
      }
    />
  </View>
  <View
    style={
      Object {
        "bottom": 10,
        "left": 10,
        "position": "absolute",
        "right": 10,
      }
    }
  />
</View>
`;
